

================================================================
== Vivado HLS Report for 'cross_channel_deblur'
================================================================
* Date:           Tue Jan 19 21:42:27 2021

* Version:        2019.2 (Build 2704478 on Wed Nov 06 22:10:23 MST 2019)
* Project:        ISPfinal
* Solution:       solution1
* Product family: zynq
* Target device:  xc7z020-clg400-1


================================================================
== Performance Estimates
================================================================
+ Timing: 
    * Summary: 
    +--------+----------+----------+------------+
    |  Clock |  Target  | Estimated| Uncertainty|
    +--------+----------+----------+------------+
    |ap_clk  | 10.00 ns | 9.406 ns |   1.25 ns  |
    +--------+----------+----------+------------+

+ Latency: 
    * Summary: 
    +----------+----------+-----------+-----------+----------+----------+---------+
    |   Latency (cycles)  |   Latency (absolute)  |       Interval      | Pipeline|
    |    min   |    max   |    min    |    max    |    min   |    max   |   Type  |
    +----------+----------+-----------+-----------+----------+----------+---------+
    |  17976489|  25349289| 0.180 sec | 0.253 sec |  17976489|  25349289|   none  |
    +----------+----------+-----------+-----------+----------+----------+---------+

    + Detail: 
        * Instance: 
        +--------------------------+---------------+---------+---------+-----------+-----------+---------+---------+---------+
        |                          |               |  Latency (cycles) |   Latency (absolute)  |      Interval     | Pipeline|
        |         Instance         |     Module    |   min   |   max   |    min    |    max    |   min   |   max   |   Type  |
        +--------------------------+---------------+---------+---------+-----------+-----------+---------+---------+---------+
        |grp_my_filter_v12_fu_354  |my_filter_v12  |  1048900|  1786180| 10.489 ms | 17.862 ms |  1048900|  1786180|   none  |
        |grp_ProxGS4_fu_373        |ProxGS4        |   594729|   594729|  5.947 ms |  5.947 ms |   594729|   594729|   none  |
        |grp_array_copy3_fu_384    |array_copy3    |    16386|    16386|  0.164 ms |  0.164 ms |    16386|    16386|   none  |
        +--------------------------+---------------+---------+---------+-----------+-----------+---------+---------+---------+

        * Loop: 
        +-----------------+----------+----------+-------------------+-----------+-----------+-------+----------+
        |                 |   Latency (cycles)  |     Iteration     |  Initiation Interval  |  Trip |          |
        |    Loop Name    |    min   |    max   |      Latency      |  achieved |   target  | Count | Pipelined|
        +-----------------+----------+----------+-------------------+-----------+-----------+-------+----------+
        |- for_y_for_x    |     16384|     16384|                  1|          1|          1|  16384|    yes   |
        |- for_iteration  |  17910940|  25283740| 1791094 ~ 2528374 |          -|          -|     10|    no    |
        | + for_y_for_x   |    131072|    131072|                  8|          -|          -|  16384|    no    |
        +-----------------+----------+----------+-------------------+-----------+-----------+-------+----------+



================================================================
== Utilization Estimates
================================================================
* Summary: 
+-----------------+---------+-------+--------+-------+-----+
|       Name      | BRAM_18K| DSP48E|   FF   |  LUT  | URAM|
+-----------------+---------+-------+--------+-------+-----+
|DSP              |        -|      -|       -|      -|    -|
|Expression       |        -|      -|       0|    254|    -|
|FIFO             |        -|      -|       -|      -|    -|
|Instance         |      146|    124|   35829|  42017|    0|
|Memory           |      384|      -|       0|      0|    0|
|Multiplexer      |        -|      -|       -|   1044|    -|
|Register         |        -|      -|     237|      -|    -|
+-----------------+---------+-------+--------+-------+-----+
|Total            |      530|    124|   36066|  43315|    0|
+-----------------+---------+-------+--------+-------+-----+
|Available        |      280|    220|  106400|  53200|    0|
+-----------------+---------+-------+--------+-------+-----+
|Utilization (%)  |      189|     56|      33|     81|    0|
+-----------------+---------+-------+--------+-------+-----+

+ Detail: 
    * Instance: 
    +---------------------------+----------------------+---------+-------+-------+-------+-----+
    |          Instance         |        Module        | BRAM_18K| DSP48E|   FF  |  LUT  | URAM|
    +---------------------------+----------------------+---------+-------+-------+-------+-----+
    |DEBLUR_fsub_32ns_cud_U105  |DEBLUR_fsub_32ns_cud  |        0|      2|    205|    390|    0|
    |grp_ProxGS4_fu_373         |ProxGS4               |      146|     31|  15968|  14139|    0|
    |grp_array_copy3_fu_384     |array_copy3           |        0|      0|     61|    192|    0|
    |grp_my_filter_v12_fu_354   |my_filter_v12         |        0|     91|  19595|  27296|    0|
    +---------------------------+----------------------+---------+-------+-------+-------+-----+
    |Total                      |                      |      146|    124|  35829|  42017|    0|
    +---------------------------+----------------------+---------+-------+-------+-------+-----+

    * DSP48E: 
    N/A

    * Memory: 
    +---------+----------------------+---------+---+----+-----+-------+-----+------+-------------+
    |  Memory |        Module        | BRAM_18K| FF| LUT| URAM| Words | Bits| Banks| W*Bits*Banks|
    +---------+----------------------+---------+---+----+-----+-------+-----+------+-------------+
    |x_old_U  |ProxGS4_tmp_M_real    |       32|  0|   0|    0|  16384|   32|     1|       524288|
    |x_2_U    |ProxGS4_tmp_M_real    |       32|  0|   0|    0|  16384|   32|     1|       524288|
    |y_1_U    |ProxGS4_tmp_M_real    |       32|  0|   0|    0|  16384|   32|     1|       524288|
    |y_6_U    |ProxGS4_tmp_M_real    |       32|  0|   0|    0|  16384|   32|     1|       524288|
    |y_8_U    |ProxGS4_tmp_M_real    |       32|  0|   0|    0|  16384|   32|     1|       524288|
    |x_bar_U  |cross_channel_debsc4  |       32|  0|   0|    0|  16384|   32|     1|       524288|
    |y_2_U    |cross_channel_debsc4  |       32|  0|   0|    0|  16384|   32|     1|       524288|
    |y_3_U    |cross_channel_debsc4  |       32|  0|   0|    0|  16384|   32|     1|       524288|
    |y_4_U    |cross_channel_debsc4  |       32|  0|   0|    0|  16384|   32|     1|       524288|
    |y_5_U    |cross_channel_debsc4  |       32|  0|   0|    0|  16384|   32|     1|       524288|
    |y_7_U    |cross_channel_debsc4  |       32|  0|   0|    0|  16384|   32|     1|       524288|
    |y_9_U    |cross_channel_debsc4  |       32|  0|   0|    0|  16384|   32|     1|       524288|
    +---------+----------------------+---------+---+----+-----+-------+-----+------+-------------+
    |Total    |                      |      384|  0|   0|    0| 196608|  384|    12|      6291456|
    +---------+----------------------+---------+---+----+-----+-------+-----+------+-------------+

    * FIFO: 
    N/A

    * Expression: 
    +-------------------------+----------+-------+---+----+------------+------------+
    |      Variable Name      | Operation| DSP48E| FF| LUT| Bitwidth P0| Bitwidth P1|
    +-------------------------+----------+-------+---+----+------------+------------+
    |add_ln63_fu_403_p2       |     +    |      0|  0|  21|          15|           1|
    |add_ln68_fu_453_p2       |     +    |      0|  0|  23|          16|          16|
    |add_ln85_fu_496_p2       |     +    |      0|  0|  21|          15|           1|
    |add_ln90_fu_546_p2       |     +    |      0|  0|  23|          16|          16|
    |i_fu_558_p2              |     +    |      0|  0|  15|           8|           1|
    |j_fu_502_p2              |     +    |      0|  0|  15|           8|           1|
    |k_fu_484_p2              |     +    |      0|  0|  13|           4|           1|
    |x_fu_472_p2              |     +    |      0|  0|  15|           8|           1|
    |y_fu_409_p2              |     +    |      0|  0|  15|           8|           1|
    |icmp_ln105_fu_478_p2     |   icmp   |      0|  0|   9|           4|           4|
    |icmp_ln63_fu_397_p2      |   icmp   |      0|  0|  13|          15|          16|
    |icmp_ln65_fu_415_p2      |   icmp   |      0|  0|  13|           8|           9|
    |icmp_ln85_fu_490_p2      |   icmp   |      0|  0|  13|          15|          16|
    |icmp_ln87_fu_508_p2      |   icmp   |      0|  0|  13|           8|           9|
    |select_ln68_1_fu_429_p3  |  select  |      0|  0|   8|           1|           8|
    |select_ln68_fu_421_p3    |  select  |      0|  0|   8|           1|           1|
    |select_ln90_1_fu_522_p3  |  select  |      0|  0|   8|           1|           8|
    |select_ln90_fu_514_p3    |  select  |      0|  0|   8|           1|           1|
    +-------------------------+----------+-------+---+----+------------+------------+
    |Total                    |          |      0|  0| 254|         152|         111|
    +-------------------------+----------+-------+---+----+------------+------------+

    * Multiplexer: 
    +-----------------------------------+-----+-----------+-----+-----------+
    |                Name               | LUT | Input Size| Bits| Total Bits|
    +-----------------------------------+-----+-----------+-----+-----------+
    |Img_address0                       |   15|          3|   14|         42|
    |Img_ce0                            |   15|          3|    1|          3|
    |Img_we0                            |    9|          2|    1|          2|
    |ap_NS_fsm                          |  105|         22|    1|         22|
    |grp_array_copy3_fu_384_data_in_q0  |   15|          3|   32|         96|
    |i_0_i_reg_343                      |    9|          2|    8|         16|
    |indvar_flatten11_reg_321           |    9|          2|   15|         30|
    |indvar_flatten_reg_277             |    9|          2|   15|         30|
    |j_0_i_reg_332                      |    9|          2|    8|         16|
    |k_0_reg_310                        |    9|          2|    4|          8|
    |x_0_i_reg_299                      |    9|          2|    8|         16|
    |x_2_address0                       |   33|          6|   14|         84|
    |x_2_ce0                            |   33|          6|    1|          6|
    |x_2_d0                             |   21|          4|   32|        128|
    |x_2_we0                            |   21|          4|    1|          4|
    |x_bar_address0                     |   21|          4|   14|         56|
    |x_bar_ce0                          |   21|          4|    1|          4|
    |x_bar_ce1                          |    9|          2|    1|          2|
    |x_bar_d0                           |   15|          3|   32|         96|
    |x_bar_we0                          |   15|          3|    1|          3|
    |x_old_address0                     |   15|          3|   14|         42|
    |x_old_ce0                          |   15|          3|    1|          3|
    |x_old_we0                          |    9|          2|    1|          2|
    |y_0_i_reg_288                      |    9|          2|    8|         16|
    |y_1_address0                       |   15|          3|   14|         42|
    |y_1_ce0                            |   15|          3|    1|          3|
    |y_1_d0                             |   15|          3|   32|         96|
    |y_1_we0                            |   15|          3|    1|          3|
    |y_2_address0                       |   15|          3|   14|         42|
    |y_2_ce0                            |   15|          3|    1|          3|
    |y_2_ce1                            |    9|          2|    1|          2|
    |y_2_d0                             |   15|          3|   32|         96|
    |y_2_we0                            |   15|          3|    1|          3|
    |y_3_address0                       |   15|          3|   14|         42|
    |y_3_ce0                            |   15|          3|    1|          3|
    |y_3_ce1                            |    9|          2|    1|          2|
    |y_3_d0                             |   15|          3|   32|         96|
    |y_3_we0                            |   15|          3|    1|          3|
    |y_4_address0                       |   15|          3|   14|         42|
    |y_4_ce0                            |   15|          3|    1|          3|
    |y_4_ce1                            |    9|          2|    1|          2|
    |y_4_d0                             |   15|          3|   32|         96|
    |y_4_we0                            |   15|          3|    1|          3|
    |y_5_address0                       |   15|          3|   14|         42|
    |y_5_ce0                            |   15|          3|    1|          3|
    |y_5_ce1                            |    9|          2|    1|          2|
    |y_5_d0                             |   15|          3|   32|         96|
    |y_5_we0                            |   15|          3|    1|          3|
    |y_6_address0                       |   15|          3|   14|         42|
    |y_6_ce0                            |   15|          3|    1|          3|
    |y_6_d0                             |   15|          3|   32|         96|
    |y_6_we0                            |   15|          3|    1|          3|
    |y_7_address0                       |   15|          3|   14|         42|
    |y_7_ce0                            |   15|          3|    1|          3|
    |y_7_ce1                            |    9|          2|    1|          2|
    |y_7_d0                             |   15|          3|   32|         96|
    |y_7_we0                            |   15|          3|    1|          3|
    |y_8_address0                       |   15|          3|   14|         42|
    |y_8_ce0                            |   15|          3|    1|          3|
    |y_8_d0                             |   15|          3|   32|         96|
    |y_8_we0                            |   15|          3|    1|          3|
    |y_9_address0                       |   15|          3|   14|         42|
    |y_9_ce0                            |   15|          3|    1|          3|
    |y_9_ce1                            |    9|          2|    1|          2|
    |y_9_d0                             |   15|          3|   32|         96|
    |y_9_we0                            |   15|          3|    1|          3|
    +-----------------------------------+-----+-----------+-----+-----------+
    |Total                              | 1044|        211|  666|       2035|
    +-----------------------------------+-----+-----------+-----+-----------+

    * Register: 
    +---------------------------------------+----+----+-----+-----------+
    |                  Name                 | FF | LUT| Bits| Const Bits|
    +---------------------------------------+----+----+-----+-----------+
    |add_ln85_reg_593                       |  15|   0|   15|          0|
    |ap_CS_fsm                              |  21|   0|   21|          0|
    |grp_ProxGS4_fu_373_ap_start_reg        |   1|   0|    1|          0|
    |grp_array_copy3_fu_384_ap_start_reg    |   1|   0|    1|          0|
    |grp_my_filter_v12_fu_354_ap_start_reg  |   1|   0|    1|          0|
    |i_0_i_reg_343                          |   8|   0|    8|          0|
    |i_reg_618                              |   8|   0|    8|          0|
    |indvar_flatten11_reg_321               |  15|   0|   15|          0|
    |indvar_flatten_reg_277                 |  15|   0|   15|          0|
    |j_0_i_reg_332                          |   8|   0|    8|          0|
    |k_0_reg_310                            |   4|   0|    4|          0|
    |k_reg_585                              |   4|   0|    4|          0|
    |select_ln90_1_reg_598                  |   8|   0|    8|          0|
    |tmp_i6_reg_633                         |  32|   0|   32|          0|
    |x_0_i_reg_299                          |   8|   0|    8|          0|
    |x_2_load_reg_623                       |  32|   0|   32|          0|
    |x_old_load_reg_628                     |  32|   0|   32|          0|
    |y_0_i_reg_288                          |   8|   0|    8|          0|
    |zext_ln90_1_reg_603                    |  16|   0|   64|         48|
    +---------------------------------------+----+----+-----+-----------+
    |Total                                  | 237|   0|  285|         48|
    +---------------------------------------+----+----+-----+-----------+



================================================================
== Interface
================================================================
* Summary: 
+-----------------------+-----+-----+------------+----------------------+--------------+
|       RTL Ports       | Dir | Bits|  Protocol  |     Source Object    |    C Type    |
+-----------------------+-----+-----+------------+----------------------+--------------+
|ap_clk                 |  in |    1| ap_ctrl_hs | cross_channel_deblur | return value |
|ap_rst                 |  in |    1| ap_ctrl_hs | cross_channel_deblur | return value |
|ap_start               |  in |    1| ap_ctrl_hs | cross_channel_deblur | return value |
|ap_done                | out |    1| ap_ctrl_hs | cross_channel_deblur | return value |
|ap_idle                | out |    1| ap_ctrl_hs | cross_channel_deblur | return value |
|ap_ready               | out |    1| ap_ctrl_hs | cross_channel_deblur | return value |
|Img_address0           | out |   14|  ap_memory |          Img         |     array    |
|Img_ce0                | out |    1|  ap_memory |          Img         |     array    |
|Img_we0                | out |    1|  ap_memory |          Img         |     array    |
|Img_d0                 | out |   32|  ap_memory |          Img         |     array    |
|Img_q0                 |  in |   32|  ap_memory |          Img         |     array    |
|adjChImg_address0      | out |   14|  ap_memory |       adjChImg       |     array    |
|adjChImg_ce0           | out |    1|  ap_memory |       adjChImg       |     array    |
|adjChImg_q0            |  in |   32|  ap_memory |       adjChImg       |     array    |
|adjChImg_address1      | out |   14|  ap_memory |       adjChImg       |     array    |
|adjChImg_ce1           | out |    1|  ap_memory |       adjChImg       |     array    |
|adjChImg_q1            |  in |   32|  ap_memory |       adjChImg       |     array    |
|adjChImg2_address0     | out |   14|  ap_memory |       adjChImg2      |     array    |
|adjChImg2_ce0          | out |    1|  ap_memory |       adjChImg2      |     array    |
|adjChImg2_q0           |  in |   32|  ap_memory |       adjChImg2      |     array    |
|adjChImg2_address1     | out |   14|  ap_memory |       adjChImg2      |     array    |
|adjChImg2_ce1          | out |    1|  ap_memory |       adjChImg2      |     array    |
|adjChImg2_q1           |  in |   32|  ap_memory |       adjChImg2      |     array    |
|coe_a_M_real_address0  | out |   14|  ap_memory |     coe_a_M_real     |     array    |
|coe_a_M_real_ce0       | out |    1|  ap_memory |     coe_a_M_real     |     array    |
|coe_a_M_real_q0        |  in |   32|  ap_memory |     coe_a_M_real     |     array    |
|coe_a_M_imag_address0  | out |   14|  ap_memory |     coe_a_M_imag     |     array    |
|coe_a_M_imag_ce0       | out |    1|  ap_memory |     coe_a_M_imag     |     array    |
|coe_a_M_imag_q0        |  in |   32|  ap_memory |     coe_a_M_imag     |     array    |
|coe_b_address0         | out |   14|  ap_memory |         coe_b        |     array    |
|coe_b_ce0              | out |    1|  ap_memory |         coe_b        |     array    |
|coe_b_q0               |  in |   32|  ap_memory |         coe_b        |     array    |
+-----------------------+-----+-----+------------+----------------------+--------------+

