

================================================================
== Vivado HLS Report for 'dummy_proc_be_1'
================================================================
* Date:           Tue Jan 19 21:42:24 2021

* Version:        2019.2 (Build 2704478 on Wed Nov 06 22:10:23 MST 2019)
* Project:        ISPfinal
* Solution:       solution1
* Product family: zynq
* Target device:  xc7z020-clg400-1


================================================================
== Performance Estimates
================================================================
+ Timing: 
    * Summary: 
    +--------+----------+----------+------------+
    |  Clock |  Target  | Estimated| Uncertainty|
    +--------+----------+----------+------------+
    |ap_clk  | 10.00 ns | 6.888 ns |   1.25 ns  |
    +--------+----------+----------+------------+

+ Latency: 
    * Summary: 
    +---------+---------+----------+----------+-----+-----+---------+
    |  Latency (cycles) |  Latency (absolute) |  Interval | Pipeline|
    |   min   |   max   |    min   |    max   | min | max |   Type  |
    +---------+---------+----------+----------+-----+-----+---------+
    |      129|      129| 1.290 us | 1.290 us |  129|  129|   none  |
    +---------+---------+----------+----------+-----+-----+---------+

    + Detail: 
        * Instance: 
        N/A

        * Loop: 
        +----------+---------+---------+----------+-----------+-----------+------+----------+
        |          |  Latency (cycles) | Iteration|  Initiation Interval  | Trip |          |
        | Loop Name|   min   |   max   |  Latency |  achieved |   target  | Count| Pipelined|
        +----------+---------+---------+----------+-----------+-----------+------+----------+
        |- Loop 1  |      128|      128|         1|          -|          -|   128|    no    |
        +----------+---------+---------+----------+-----------+-----------+------+----------+



================================================================
== Utilization Estimates
================================================================
* Summary: 
+-----------------+---------+-------+--------+-------+-----+
|       Name      | BRAM_18K| DSP48E|   FF   |  LUT  | URAM|
+-----------------+---------+-------+--------+-------+-----+
|DSP              |        -|      -|       -|      -|    -|
|Expression       |        -|      -|       0|     32|    -|
|FIFO             |        -|      -|       -|      -|    -|
|Instance         |        -|      -|       -|      -|    -|
|Memory           |        -|      -|       -|      -|    -|
|Multiplexer      |        -|      -|       -|     42|    -|
|Register         |        -|      -|      11|      -|    -|
+-----------------+---------+-------+--------+-------+-----+
|Total            |        0|      0|      11|     74|    0|
+-----------------+---------+-------+--------+-------+-----+
|Available        |      280|    220|  106400|  53200|    0|
+-----------------+---------+-------+--------+-------+-----+
|Utilization (%)  |        0|      0|   ~0   |   ~0  |    0|
+-----------------+---------+-------+--------+-------+-----+

+ Detail: 
    * Instance: 
    N/A

    * DSP48E: 
    N/A

    * Memory: 
    N/A

    * FIFO: 
    N/A

    * Expression: 
    +---------------------+----------+-------+---+----+------------+------------+
    |    Variable Name    | Operation| DSP48E| FF| LUT| Bitwidth P0| Bitwidth P1|
    +---------------------+----------+-------+---+----+------------+------------+
    |i_fu_77_p2           |     +    |      0|  0|  15|           8|           1|
    |ap_block_state2      |    and   |      0|  0|   2|           1|           1|
    |icmp_ln160_fu_71_p2  |   icmp   |      0|  0|  13|           8|           9|
    |ap_block_state1      |    or    |      0|  0|   2|           1|           1|
    +---------------------+----------+-------+---+----+------------+------------+
    |Total                |          |      0|  0|  32|          18|          12|
    +---------------------+----------+-------+---+----+------------+------------+

    * Multiplexer: 
    +------------+----+-----------+-----+-----------+
    |    Name    | LUT| Input Size| Bits| Total Bits|
    +------------+----+-----------+-----+-----------+
    |ap_NS_fsm   |  15|          3|    1|          3|
    |ap_done     |   9|          2|    1|          2|
    |i_0_reg_60  |   9|          2|    8|         16|
    |in_r_blk_n  |   9|          2|    1|          2|
    +------------+----+-----------+-----+-----------+
    |Total       |  42|          9|   11|         23|
    +------------+----+-----------+-----+-----------+

    * Register: 
    +-------------+---+----+-----+-----------+
    |     Name    | FF| LUT| Bits| Const Bits|
    +-------------+---+----+-----+-----------+
    |ap_CS_fsm    |  2|   0|    2|          0|
    |ap_done_reg  |  1|   0|    1|          0|
    |i_0_reg_60   |  8|   0|    8|          0|
    +-------------+---+----+-----+-----------+
    |Total        | 11|   0|   11|          0|
    +-------------+---+----+-----+-----------+



================================================================
== Interface
================================================================
* Summary: 
+----------------+-----+-----+------------+-----------------+--------------+
|    RTL Ports   | Dir | Bits|  Protocol  |  Source Object  |    C Type    |
+----------------+-----+-----+------------+-----------------+--------------+
|ap_clk          |  in |    1| ap_ctrl_hs | dummy_proc_be.1 | return value |
|ap_rst          |  in |    1| ap_ctrl_hs | dummy_proc_be.1 | return value |
|ap_start        |  in |    1| ap_ctrl_hs | dummy_proc_be.1 | return value |
|ap_done         | out |    1| ap_ctrl_hs | dummy_proc_be.1 | return value |
|ap_continue     |  in |    1| ap_ctrl_hs | dummy_proc_be.1 | return value |
|ap_idle         | out |    1| ap_ctrl_hs | dummy_proc_be.1 | return value |
|ap_ready        | out |    1| ap_ctrl_hs | dummy_proc_be.1 | return value |
|in_r_dout       |  in |   64|   ap_fifo  |       in_r      |    pointer   |
|in_r_empty_n    |  in |    1|   ap_fifo  |       in_r      |    pointer   |
|in_r_read       | out |    1|   ap_fifo  |       in_r      |    pointer   |
|out_r_address0  | out |    7|  ap_memory |      out_r      |     array    |
|out_r_ce0       | out |    1|  ap_memory |      out_r      |     array    |
|out_r_we0       | out |    1|  ap_memory |      out_r      |     array    |
|out_r_d0        | out |   64|  ap_memory |      out_r      |     array    |
+----------------+-----+-----+------------+-----------------+--------------+

