

================================================================
== Vivado HLS Report for 'array_copy'
================================================================
* Date:           Wed Jan 13 22:02:40 2021

* Version:        2019.2 (Build 2704478 on Wed Nov 06 22:10:23 MST 2019)
* Project:        ISPfinal
* Solution:       solution1
* Product family: zynq
* Target device:  xc7z020-clg400-1


================================================================
== Performance Estimates
================================================================
+ Timing: 
    * Summary: 
    +--------+----------+----------+------------+
    |  Clock |  Target  | Estimated| Uncertainty|
    +--------+----------+----------+------------+
    |ap_clk  | 10.00 ns | 8.361 ns |   1.25 ns  |
    +--------+----------+----------+------------+

+ Latency: 
    * Summary: 
    +---------+---------+----------+----------+-------+-------+---------+
    |  Latency (cycles) |  Latency (absolute) |    Interval   | Pipeline|
    |   min   |   max   |    min   |    max   |  min  |  max  |   Type  |
    +---------+---------+----------+----------+-------+-------+---------+
    |    16386|    16386| 0.164 ms | 0.164 ms |  16386|  16386|   none  |
    +---------+---------+----------+----------+-------+-------+---------+

    + Detail: 
        * Instance: 
        N/A

        * Loop: 
        +---------------+---------+---------+----------+-----------+-----------+-------+----------+
        |               |  Latency (cycles) | Iteration|  Initiation Interval  |  Trip |          |
        |   Loop Name   |   min   |   max   |  Latency |  achieved |   target  | Count | Pipelined|
        +---------------+---------+---------+----------+-----------+-----------+-------+----------+
        |- for_y_for_x  |    16384|    16384|         2|          1|          1|  16384|    yes   |
        +---------------+---------+---------+----------+-----------+-----------+-------+----------+

============================================================
+ Verbose Summary: Synthesis Manager
============================================================
InlineROM: 1
ExposeGlobal: 0
============================================================
+ Verbose Summary: CDFG Model
============================================================
IsTopModel: 0
ResetActiveHigh: 1
IsCombinational: 0
IsDatapathOnly: 0
HasWiredReturn: 1
HasMFsm: 0
HasVarLatency: 1
IsPipeline: 0
IsRtlPipelined: 0
IsInstanceOverlapped: 0
IsDontTouch: 0
HasImplIP: 0
IsGatedGlobalClock: 0

+ Individual pipeline summary: 
  * Pipeline-0: initiation interval (II) = 1, depth = 2


============================================================
+ Verbose Summary: Schedule
============================================================
* Number of FSM states : 4
* Pipeline : 1
  Pipeline-0 : II = 1, D = 2, States = { 2 3 }
* Dataflow Pipeline: 0

* FSM state transitions: 
1 --> 2 
2 --> 4 3 
3 --> 2 
4 --> 

* FSM state operations: 

State 1 <SV = 0> <Delay = 1.76>
ST_1 : Operation 5 [1/1] (1.76ns)   --->   "br label %1" [deblur.cpp:21]   --->   Operation 5 'br' <Predicate = true> <Delay = 1.76>

State 2 <SV = 1> <Delay = 8.36>
ST_2 : Operation 6 [1/1] (0.00ns)   --->   "%indvar_flatten = phi i15 [ 0, %0 ], [ %add_ln21, %for_x ]" [deblur.cpp:21]   --->   Operation 6 'phi' 'indvar_flatten' <Predicate = true> <Delay = 0.00>
ST_2 : Operation 7 [1/1] (0.00ns)   --->   "%y_0 = phi i8 [ 0, %0 ], [ %select_ln26_1, %for_x ]" [deblur.cpp:26]   --->   Operation 7 'phi' 'y_0' <Predicate = true> <Delay = 0.00>
ST_2 : Operation 8 [1/1] (0.00ns)   --->   "%x_0 = phi i8 [ 0, %0 ], [ %x, %for_x ]"   --->   Operation 8 'phi' 'x_0' <Predicate = true> <Delay = 0.00>
ST_2 : Operation 9 [1/1] (2.31ns)   --->   "%icmp_ln21 = icmp eq i15 %indvar_flatten, -16384" [deblur.cpp:21]   --->   Operation 9 'icmp' 'icmp_ln21' <Predicate = true> <Delay = 2.31> <Core = "Cmp">   --->   Core 25 'Cmp' <Latency = 0> <II = 1> <Delay = 1.55> <FuncUnit> <Opcode : 'icmp'> <InPorts = 2> <OutPorts = 1>
ST_2 : Operation 10 [1/1] (1.94ns)   --->   "%add_ln21 = add i15 %indvar_flatten, 1" [deblur.cpp:21]   --->   Operation 10 'add' 'add_ln21' <Predicate = true> <Delay = 1.94> <Core = "AddSub">   --->   Core 14 'AddSub' <Latency = 0> <II = 1> <Delay = 1.91> <FuncUnit> <Opcode : 'add' 'sub'> <InPorts = 2> <OutPorts = 1>
ST_2 : Operation 11 [1/1] (0.00ns)   --->   "br i1 %icmp_ln21, label %2, label %for_x" [deblur.cpp:21]   --->   Operation 11 'br' <Predicate = true> <Delay = 0.00>
ST_2 : Operation 12 [1/1] (1.91ns)   --->   "%y = add i8 %y_0, 1" [deblur.cpp:21]   --->   Operation 12 'add' 'y' <Predicate = (!icmp_ln21)> <Delay = 1.91> <Core = "AddSub">   --->   Core 14 'AddSub' <Latency = 0> <II = 1> <Delay = 1.91> <FuncUnit> <Opcode : 'add' 'sub'> <InPorts = 2> <OutPorts = 1>
ST_2 : Operation 13 [1/1] (1.55ns)   --->   "%icmp_ln23 = icmp eq i8 %x_0, -128" [deblur.cpp:23]   --->   Operation 13 'icmp' 'icmp_ln23' <Predicate = (!icmp_ln21)> <Delay = 1.55> <Core = "Cmp">   --->   Core 25 'Cmp' <Latency = 0> <II = 1> <Delay = 1.55> <FuncUnit> <Opcode : 'icmp'> <InPorts = 2> <OutPorts = 1>
ST_2 : Operation 14 [1/1] (1.24ns)   --->   "%select_ln26 = select i1 %icmp_ln23, i8 0, i8 %x_0" [deblur.cpp:26]   --->   Operation 14 'select' 'select_ln26' <Predicate = (!icmp_ln21)> <Delay = 1.24> <Core = "Sel">   --->   Core 26 'Sel' <Latency = 0> <II = 1> <Delay = 1.24> <FuncUnit> <Opcode : 'select'> <InPorts = 3> <OutPorts = 1>
ST_2 : Operation 15 [1/1] (1.24ns)   --->   "%select_ln26_1 = select i1 %icmp_ln23, i8 %y, i8 %y_0" [deblur.cpp:26]   --->   Operation 15 'select' 'select_ln26_1' <Predicate = (!icmp_ln21)> <Delay = 1.24> <Core = "Sel">   --->   Core 26 'Sel' <Latency = 0> <II = 1> <Delay = 1.24> <FuncUnit> <Opcode : 'select'> <InPorts = 3> <OutPorts = 1>
ST_2 : Operation 16 [1/1] (0.00ns)   --->   "%tmp = call i15 @_ssdm_op_BitConcatenate.i15.i8.i7(i8 %select_ln26_1, i7 0)" [deblur.cpp:26]   --->   Operation 16 'bitconcatenate' 'tmp' <Predicate = (!icmp_ln21)> <Delay = 0.00>
ST_2 : Operation 17 [1/1] (0.00ns)   --->   "%zext_ln24 = zext i15 %tmp to i16" [deblur.cpp:24]   --->   Operation 17 'zext' 'zext_ln24' <Predicate = (!icmp_ln21)> <Delay = 0.00>
ST_2 : Operation 18 [1/1] (0.00ns)   --->   "%zext_ln321 = zext i8 %select_ln26 to i16" [deblur.cpp:26]   --->   Operation 18 'zext' 'zext_ln321' <Predicate = (!icmp_ln21)> <Delay = 0.00>
ST_2 : Operation 19 [1/1] (1.94ns)   --->   "%add_ln321 = add i16 %zext_ln321, %zext_ln24" [deblur.cpp:26]   --->   Operation 19 'add' 'add_ln321' <Predicate = (!icmp_ln21)> <Delay = 1.94> <Core = "AddSub">   --->   Core 14 'AddSub' <Latency = 0> <II = 1> <Delay = 1.91> <FuncUnit> <Opcode : 'add' 'sub'> <InPorts = 2> <OutPorts = 1>
ST_2 : Operation 20 [1/1] (0.00ns)   --->   "%zext_ln321_6 = zext i16 %add_ln321 to i64" [deblur.cpp:26]   --->   Operation 20 'zext' 'zext_ln321_6' <Predicate = (!icmp_ln21)> <Delay = 0.00>
ST_2 : Operation 21 [1/1] (0.00ns)   --->   "%data_in_V_addr = getelementptr [16384 x i8]* %data_in_V, i64 0, i64 %zext_ln321_6" [deblur.cpp:26]   --->   Operation 21 'getelementptr' 'data_in_V_addr' <Predicate = (!icmp_ln21)> <Delay = 0.00>
ST_2 : Operation 22 [2/2] (3.25ns)   --->   "%data_in_V_load = load i8* %data_in_V_addr, align 1" [deblur.cpp:26]   --->   Operation 22 'load' 'data_in_V_load' <Predicate = (!icmp_ln21)> <Delay = 3.25> <Core = "RAM">   --->   Core 37 'RAM' <Latency = 1> <II = 1> <Delay = 3.25> <Storage> <Opcode : 'load' 'store'> <Ports = 2> <Width = 8> <Depth = 16384> <RAM>
ST_2 : Operation 23 [1/1] (1.91ns)   --->   "%x = add i8 %select_ln26, 1" [deblur.cpp:23]   --->   Operation 23 'add' 'x' <Predicate = (!icmp_ln21)> <Delay = 1.91> <Core = "AddSub">   --->   Core 14 'AddSub' <Latency = 0> <II = 1> <Delay = 1.91> <FuncUnit> <Opcode : 'add' 'sub'> <InPorts = 2> <OutPorts = 1>

State 3 <SV = 2> <Delay = 6.50>
ST_3 : Operation 24 [1/1] (0.00ns)   --->   "call void (...)* @_ssdm_op_SpecLoopName([12 x i8]* @for_y_for_x_str)"   --->   Operation 24 'specloopname' <Predicate = (!icmp_ln21)> <Delay = 0.00>
ST_3 : Operation 25 [1/1] (0.00ns)   --->   "%empty = call i32 (...)* @_ssdm_op_SpecLoopTripCount(i64 16384, i64 16384, i64 16384)"   --->   Operation 25 'speclooptripcount' 'empty' <Predicate = (!icmp_ln21)> <Delay = 0.00>
ST_3 : Operation 26 [1/1] (0.00ns)   --->   "call void (...)* @_ssdm_op_SpecLoopName([6 x i8]* @p_str153) nounwind" [deblur.cpp:24]   --->   Operation 26 'specloopname' <Predicate = (!icmp_ln21)> <Delay = 0.00>
ST_3 : Operation 27 [1/1] (0.00ns)   --->   "%tmp_s = call i32 (...)* @_ssdm_op_SpecRegionBegin([6 x i8]* @p_str153)" [deblur.cpp:24]   --->   Operation 27 'specregionbegin' 'tmp_s' <Predicate = (!icmp_ln21)> <Delay = 0.00>
ST_3 : Operation 28 [1/1] (0.00ns)   --->   "call void (...)* @_ssdm_op_SpecPipeline(i32 -1, i32 1, i32 1, i32 0, [1 x i8]* @p_str254) nounwind" [deblur.cpp:25]   --->   Operation 28 'specpipeline' <Predicate = (!icmp_ln21)> <Delay = 0.00>
ST_3 : Operation 29 [1/1] (0.00ns)   --->   "%data_out_V_addr = getelementptr [16384 x i8]* %data_out_V, i64 0, i64 %zext_ln321_6" [deblur.cpp:26]   --->   Operation 29 'getelementptr' 'data_out_V_addr' <Predicate = (!icmp_ln21)> <Delay = 0.00>
ST_3 : Operation 30 [1/2] (3.25ns)   --->   "%data_in_V_load = load i8* %data_in_V_addr, align 1" [deblur.cpp:26]   --->   Operation 30 'load' 'data_in_V_load' <Predicate = (!icmp_ln21)> <Delay = 3.25> <Core = "RAM">   --->   Core 37 'RAM' <Latency = 1> <II = 1> <Delay = 3.25> <Storage> <Opcode : 'load' 'store'> <Ports = 2> <Width = 8> <Depth = 16384> <RAM>
ST_3 : Operation 31 [1/1] (3.25ns)   --->   "store i8 %data_in_V_load, i8* %data_out_V_addr, align 1" [deblur.cpp:26]   --->   Operation 31 'store' <Predicate = (!icmp_ln21)> <Delay = 3.25> <Core = "RAM">   --->   Core 37 'RAM' <Latency = 1> <II = 1> <Delay = 3.25> <Storage> <Opcode : 'load' 'store'> <Ports = 2> <Width = 8> <Depth = 16384> <RAM>
ST_3 : Operation 32 [1/1] (0.00ns)   --->   "%empty_42 = call i32 (...)* @_ssdm_op_SpecRegionEnd([6 x i8]* @p_str153, i32 %tmp_s)" [deblur.cpp:29]   --->   Operation 32 'specregionend' 'empty_42' <Predicate = (!icmp_ln21)> <Delay = 0.00>
ST_3 : Operation 33 [1/1] (0.00ns)   --->   "br label %1"   --->   Operation 33 'br' <Predicate = (!icmp_ln21)> <Delay = 0.00>

State 4 <SV = 2> <Delay = 0.00>
ST_4 : Operation 34 [1/1] (0.00ns)   --->   "ret void" [deblur.cpp:31]   --->   Operation 34 'ret' <Predicate = true> <Delay = 0.00>


============================================================
+ Verbose Summary: Timing violations
============================================================
Target clock period: 10ns, clock uncertainty: 1.25ns.

 <State 1>: 1.77ns
The critical path consists of the following:
	multiplexor before 'phi' operation ('indvar_flatten', deblur.cpp:21) with incoming values : ('add_ln21', deblur.cpp:21) [5]  (1.77 ns)

 <State 2>: 8.36ns
The critical path consists of the following:
	'phi' operation ('y_0', deblur.cpp:26) with incoming values : ('select_ln26_1', deblur.cpp:26) [6]  (0 ns)
	'add' operation ('y', deblur.cpp:21) [12]  (1.92 ns)
	'select' operation ('select_ln26_1', deblur.cpp:26) [17]  (1.25 ns)
	'add' operation ('add_ln321', deblur.cpp:26) [24]  (1.94 ns)
	'getelementptr' operation ('data_in_V_addr', deblur.cpp:26) [26]  (0 ns)
	'load' operation ('data_in_V_load', deblur.cpp:26) on array 'data_in_V' [28]  (3.25 ns)

 <State 3>: 6.51ns
The critical path consists of the following:
	'load' operation ('data_in_V_load', deblur.cpp:26) on array 'data_in_V' [28]  (3.25 ns)
	'store' operation ('store_ln26', deblur.cpp:26) of variable 'data_in_V_load', deblur.cpp:26 on array 'data_out_V' [29]  (3.25 ns)

 <State 4>: 0ns
The critical path consists of the following:


============================================================
+ Verbose Summary: Binding
============================================================
N/A
* FSMD analyzer results:
  - Output states:
 - Input state : 
  - Chain level:
	State 1
	State 2
	State 3
	State 4


============================================================
+ Verbose Summary: Datapath Resource usage 
============================================================
N/A
