

================================================================
== Vivado HLS Report for 'my_filter_fx6'
================================================================
* Date:           Fri Jan  8 20:55:05 2021

* Version:        2019.2 (Build 2704478 on Wed Nov 06 22:10:23 MST 2019)
* Project:        ISPfinal
* Solution:       solution1
* Product family: zynq
* Target device:  xc7z020-clg400-1


================================================================
== Performance Estimates
================================================================
+ Timing: 
    * Summary: 
    +--------+----------+----------+------------+
    |  Clock |  Target  | Estimated| Uncertainty|
    +--------+----------+----------+------------+
    |ap_clk  | 10.00 ns | 8.423 ns |   1.25 ns  |
    +--------+----------+----------+------------+

+ Latency: 
    * Summary: 
    +---------+---------+----------+----------+-------+-------+---------+
    |  Latency (cycles) |  Latency (absolute) |    Interval   | Pipeline|
    |   min   |   max   |    min   |    max   |  min  |  max  |   Type  |
    +---------+---------+----------+----------+-------+-------+---------+
    |    16387|    16387| 0.164 ms | 0.164 ms |  16387|  16387|   none  |
    +---------+---------+----------+----------+-------+-------+---------+

    + Detail: 
        * Instance: 
        N/A

        * Loop: 
        +---------------+---------+---------+----------+-----------+-----------+-------+----------+
        |               |  Latency (cycles) | Iteration|  Initiation Interval  |  Trip |          |
        |   Loop Name   |   min   |   max   |  Latency |  achieved |   target  | Count | Pipelined|
        +---------------+---------+---------+----------+-----------+-----------+-------+----------+
        |- for_y_for_x  |    16385|    16385|         3|          1|          1|  16384|    yes   |
        +---------------+---------+---------+----------+-----------+-----------+-------+----------+



================================================================
== Utilization Estimates
================================================================
* Summary: 
+-----------------+---------+-------+--------+-------+-----+
|       Name      | BRAM_18K| DSP48E|   FF   |  LUT  | URAM|
+-----------------+---------+-------+--------+-------+-----+
|DSP              |        -|      -|       -|      -|    -|
|Expression       |        -|      -|       0|    158|    -|
|FIFO             |        -|      -|       -|      -|    -|
|Instance         |        -|      -|       -|      -|    -|
|Memory           |        -|      -|       -|      -|    -|
|Multiplexer      |        -|      -|       -|     84|    -|
|Register         |        -|      -|      79|      -|    -|
+-----------------+---------+-------+--------+-------+-----+
|Total            |        0|      0|      79|    242|    0|
+-----------------+---------+-------+--------+-------+-----+
|Available        |      280|    220|  106400|  53200|    0|
+-----------------+---------+-------+--------+-------+-----+
|Utilization (%)  |        0|      0|   ~0   |   ~0  |    0|
+-----------------+---------+-------+--------+-------+-----+

+ Detail: 
    * Instance: 
    N/A

    * DSP48E: 
    N/A

    * Memory: 
    N/A

    * FIFO: 
    N/A

    * Expression: 
    +-------------------------+----------+-------+---+----+------------+------------+
    |      Variable Name      | Operation| DSP48E| FF| LUT| Bitwidth P0| Bitwidth P1|
    +-------------------------+----------+-------+---+----+------------+------------+
    |add_ln180_fu_177_p2      |     +    |      0|  0|  23|          16|          16|
    |add_ln215_fu_191_p2      |     +    |      0|  0|  23|          16|          16|
    |add_ln6_fu_123_p2        |     +    |      0|  0|  21|          15|           1|
    |x_fu_157_p2              |     +    |      0|  0|  15|           8|           1|
    |y_fu_129_p2              |     +    |      0|  0|  15|           8|           1|
    |data_out_V_d0            |     -    |      0|  0|  15|           8|           8|
    |icmp_ln6_fu_117_p2       |   icmp   |      0|  0|  13|          15|          16|
    |icmp_ln8_fu_135_p2       |   icmp   |      0|  0|  13|           8|           9|
    |select_ln12_1_fu_149_p3  |  select  |      0|  0|   8|           1|           8|
    |select_ln12_fu_141_p3    |  select  |      0|  0|   8|           1|           1|
    |ap_enable_pp0            |    xor   |      0|  0|   2|           1|           2|
    |ap_enable_reg_pp0_iter1  |    xor   |      0|  0|   2|           2|           1|
    +-------------------------+----------+-------+---+----+------------+------------+
    |Total                    |          |      0|  0| 158|          99|          80|
    +-------------------------+----------+-------+---+----+------------+------------+

    * Multiplexer: 
    +------------------------------+----+-----------+-----+-----------+
    |             Name             | LUT| Input Size| Bits| Total Bits|
    +------------------------------+----+-----------+-----+-----------+
    |ap_NS_fsm                     |  21|          4|    1|          4|
    |ap_enable_reg_pp0_iter1       |   9|          2|    1|          2|
    |ap_enable_reg_pp0_iter2       |   9|          2|    1|          2|
    |ap_phi_mux_x_0_phi_fu_110_p4  |   9|          2|    8|         16|
    |ap_phi_mux_y_0_phi_fu_99_p4   |   9|          2|    8|         16|
    |indvar_flatten_reg_84         |   9|          2|   15|         30|
    |x_0_reg_106                   |   9|          2|    8|         16|
    |y_0_reg_95                    |   9|          2|    8|         16|
    +------------------------------+----+-----------+-----+-----------+
    |Total                         |  84|         18|   50|        102|
    +------------------------------+----+-----------+-----+-----------+

    * Register: 
    +--------------------------------+----+----+-----+-----------+
    |              Name              | FF | LUT| Bits| Const Bits|
    +--------------------------------+----+----+-----+-----------+
    |ap_CS_fsm                       |   3|   0|    3|          0|
    |ap_enable_reg_pp0_iter0         |   1|   0|    1|          0|
    |ap_enable_reg_pp0_iter1         |   1|   0|    1|          0|
    |ap_enable_reg_pp0_iter2         |   1|   0|    1|          0|
    |icmp_ln6_reg_209                |   1|   0|    1|          0|
    |icmp_ln6_reg_209_pp0_iter1_reg  |   1|   0|    1|          0|
    |indvar_flatten_reg_84           |  15|   0|   15|          0|
    |select_ln12_1_reg_223           |   8|   0|    8|          0|
    |select_ln12_reg_218             |   8|   0|    8|          0|
    |x_0_reg_106                     |   8|   0|    8|          0|
    |x_reg_229                       |   8|   0|    8|          0|
    |y_0_reg_95                      |   8|   0|    8|          0|
    |zext_ln180_2_reg_235            |  16|   0|   64|         48|
    +--------------------------------+----+----+-----+-----------+
    |Total                           |  79|   0|  127|         48|
    +--------------------------------+----+----+-----+-----------+



================================================================
== Interface
================================================================
* Summary: 
+---------------------+-----+-----+------------+---------------+--------------+
|      RTL Ports      | Dir | Bits|  Protocol  | Source Object |    C Type    |
+---------------------+-----+-----+------------+---------------+--------------+
|ap_clk               |  in |    1| ap_ctrl_hs | my_filter_fx6 | return value |
|ap_rst               |  in |    1| ap_ctrl_hs | my_filter_fx6 | return value |
|ap_start             |  in |    1| ap_ctrl_hs | my_filter_fx6 | return value |
|ap_done              | out |    1| ap_ctrl_hs | my_filter_fx6 | return value |
|ap_idle              | out |    1| ap_ctrl_hs | my_filter_fx6 | return value |
|ap_ready             | out |    1| ap_ctrl_hs | my_filter_fx6 | return value |
|data_out_V_address0  | out |   14|  ap_memory |   data_out_V  |     array    |
|data_out_V_ce0       | out |    1|  ap_memory |   data_out_V  |     array    |
|data_out_V_we0       | out |    1|  ap_memory |   data_out_V  |     array    |
|data_out_V_d0        | out |    8|  ap_memory |   data_out_V  |     array    |
|data_in_V_address0   | out |   14|  ap_memory |   data_in_V   |     array    |
|data_in_V_ce0        | out |    1|  ap_memory |   data_in_V   |     array    |
|data_in_V_q0         |  in |    8|  ap_memory |   data_in_V   |     array    |
|data_in_V_address1   | out |   14|  ap_memory |   data_in_V   |     array    |
|data_in_V_ce1        | out |    1|  ap_memory |   data_in_V   |     array    |
|data_in_V_q1         |  in |    8|  ap_memory |   data_in_V   |     array    |
+---------------------+-----+-----+------------+---------------+--------------+

